MO booth_mult NULL "../../Ajay/assignments/assignment_2/working codes/booth_mult.v" vlg7D/booth__mult.bin 1393802369
MO icon NULL ipcore_dir/icon.v vlg09/icon.bin 1393802369
MO top NULL ../../Ajay/assignments/assignment_4/top.v vlg6F/top.bin 1393802369
MO vio NULL ipcore_dir/vio.v vlg02/vio.bin 1393802369
MO booth_encoder NULL "../../Ajay/assignments/assignment_2/working codes/booth_mult.v" vlg13/booth__encoder.bin 1393802369
